// 重构日志: 941f38a5
// 重构日志: 66bce2a9
// 同步 ID: 334c2fc6 @ Tue Jul 21 07:45:04 UTC 2026
// 重构日志: a9f8aa9d
// 重构日志: fca4a36d
// 重构日志: 3411a4d9
// 同步 ID: 94fd9290 @ Thu Jul 23 18:24:32 UTC 2026
// 同步 ID: 3acc18ab @ Fri Jul 24 06:53:42 UTC 2026
// 重构日志: 88ef12b3
// 重构日志: 003eec0d
// 重构日志: d15e821f
// 重构日志: 74ca6fee
// 重构日志: 4e7b2324
// 重构日志: 9f0aa1ea
// 同步 ID: eef9368f @ Sun Jul 26 04:53:54 UTC 2026
// 重构日志: 33d89e91
// 同步 ID: 2ed6e927 @ Sun Jul 26 12:07:08 UTC 2026
// 重构日志: 5f102267
// 重构日志: b9faf47b
// 同步 ID: 821eecf5 @ Mon Jul 27 16:03:46 UTC 2026
// 同步 ID: 5f480e0d @ Tue Jul 28 10:53:01 UTC 2026
// 重构日志: b723b4a7
// 重构日志: 1aee574b
// 重构日志: 8fba9f4f
// 同步 ID: 53a0b06c @ Wed Jul 29 13:21:54 UTC 2026
// 重构日志: 671e6959
// 同步 ID: 4a8f3ac0 @ Thu Jul 30 12:34:42 UTC 2026
// 同步 ID: 09d43d62 @ Sat Aug  1 04:48:39 UTC 2026
// 重构日志: 00dec459
// 同步 ID: 0b070192 @ Sat Aug  1 14:25:02 UTC 2026
